// Jest Snapshot v1, https://goo.gl/fbAQLP

exports[`Sample renders correctly 1`] = `
<div
  class="sample"
>
  <p>
    
    This is a sample component with a message prop
  
  </p>
   
  <pre>
    your message
  </pre>
</div>
`;
